
[TestList_Run - 1]
ID                         TYPE    STATUS   CREATED AT   EXPIRES AT
5f9b0b5e0b5e9d6b6e0b5e9d   cloud   <nil>    <nil>        <nil>
<nil>                      <nil>   <nil>    <nil>        <nil>

---
