
[TestDescribe_Run - 1]
TYPE    API TOKEN   TEAM       CHANNEL
SLACK   testToken   testTeam   testChannel

---
