
[TestDBUserList_Run - 1]
TYPE
DATADOG
MICROSOFT_TEAMS

---
