
[TestListOpts_Run - 1]
ID    BUCKET NAME   CLOUD PROVIDER   IAM ROLE ID

---
