
[TestList_Run - 1]
ID      PROVIDER   ATLAS AWS ACCOUNT ARN   UNIQUE EXTERNAL ID
<nil>   AWS        <nil>                   <nil>

---
