
[TestConfigList_Run - 1]
ID     TYPE   ENABLED
test   test   true

---
