
[TestList_Run - 1]
ID     TYPE         STATUS
test   NO_PRIMARY   test

---
